// Jest Snapshot v1, https://goo.gl/fbAQLP

exports[`should match snapshot for movie card component 1`] = `
<div
  className="movie-card"
  draggable={true}
  onDragStart={[Function]}
>
  <div
    className="movie-card__inner"
  >
    <div
      className="movie-card__heading-wrapper"
    >
      <h2>
        title
      </h2>
      <span>
        (
        4
        /10)
      </span>
    </div>
    <div
      className="movie-card__img-wrapper"
    >
      <img
        alt="movie photo"
        src="url"
      />
    </div>
    <div
      className="movie-card__buttons-wrapper"
    >
      <button
        className="movie-card-button movie-card-button--accept"
        onClick={[Function]}
      >
        <div
          className="movie-card-button__icon-wrapper"
        >
          <svg>
            check.svg
          </svg>
        </div>
        <span>
          Accept
        </span>
      </button>
      <button
        className="movie-card-button movie-card-button--reject"
        onClick={[Function]}
      >
        <div
          className="movie-card-button__icon-wrapper"
        >
          <svg>
            cross.svg
          </svg>
        </div>
        <span>
          Reject
        </span>
      </button>
    </div>
  </div>
</div>
`;
